{"Name":"sourcegraph.com/sourcegraph/srclib-go/testdata/case/go-sample-0/mypkg","Type":"GoPackage","Repo":"github.com/sgtest/go-sample-0","Files":["mypkg/bar.go","mypkg/foo.go"],"Dir":"mypkg","Data":{"AllTags":null,"BinDir":"","CFiles":null,"CXXFiles":null,"CgoCFLAGS":null,"CgoCPPFLAGS":null,"CgoCXXFLAGS":null,"CgoFiles":null,"CgoLDFLAGS":null,"CgoPkgConfig":null,"ConflictDir":"","Dir":"mypkg","Doc":"","GoFiles":["bar.go","foo.go"],"Goroot":false,"HFiles":null,"IgnoredGoFiles":null,"ImportComment":"","ImportPath":"sourcegraph.com/sourcegraph/srclib-go/testdata/case/go-sample-0/mypkg","ImportPos":null,"Imports":[],"MFiles":null,"Name":"mypkg","PkgObj":"","PkgRoot":"","Root":"","SFiles":null,"SrcRoot":"","SwigCXXFiles":null,"SwigFiles":null,"SysoFiles":null,"TestGoFiles":null,"TestImportPos":null,"TestImports":[],"XTestGoFiles":null,"XTestImportPos":null,"XTestImports":[]},"Ops":{"depresolve":null,"graph":null}}
