{"Name":"sourcegraph.com/sourcegraph/srclib-go/testdata/case/go13-sample","Type":"GoPackage","Repo":"github.com/sgtest/go13-sample","Files":["go13sample.go"],"Dir":".","Dependencies":["fmt"],"Data":{"AllTags":null,"BinDir":"","CFiles":null,"CXXFiles":null,"CgoCFLAGS":null,"CgoCPPFLAGS":null,"CgoCXXFLAGS":null,"CgoFiles":null,"CgoLDFLAGS":null,"CgoPkgConfig":null,"ConflictDir":"","Dir":".","Doc":"","GoFiles":["go13sample.go"],"Goroot":false,"HFiles":null,"IgnoredGoFiles":null,"ImportComment":"","ImportPath":"sourcegraph.com/sourcegraph/srclib-go/testdata/case/go13-sample","ImportPos":null,"Imports":["fmt"],"MFiles":null,"Name":"main","PkgObj":"","PkgRoot":"","Root":"","SFiles":null,"SrcRoot":"","SwigCXXFiles":null,"SwigFiles":null,"SysoFiles":null,"TestGoFiles":null,"TestImportPos":null,"TestImports":null,"XTestGoFiles":null,"XTestImportPos":null,"XTestImports":null},"Config":{"GOVERSION":"1.3"},"Ops":{"depresolve":null,"graph":null}}
