{
  "Defs": [
    {
      "UnitType": "GoPackage",
      "Unit": "sourcegraph.com/sourcegraph/srclib-go/testdata/case/go13-sample",
      "Path": ".",
      "Name": "main",
      "Kind": "package",
      "File": ".",
      "DefStart": 0,
      "DefEnd": 0,
      "Exported": true,
      "Data": {
        "Exported": true,
        "PkgName": "main",
        "TypeString": "",
        "Kind": "package",
        "PackageImportPath": "sourcegraph.com/sourcegraph/srclib-go/testdata/case/go13-sample"
      },
      "TreePath": "."
    },
    {
      "UnitType": "GoPackage",
      "Unit": "sourcegraph.com/sourcegraph/srclib-go/testdata/case/go13-sample",
      "Path": "go13sample.go/main",
      "Name": "main",
      "Kind": "func",
      "File": "go13sample.go",
      "DefStart": 28,
      "DefEnd": 72,
      "Data": {
        "PkgScope": true,
        "PkgName": "main",
        "TypeString": "func()",
        "UnderlyingTypeString": "func()",
        "Kind": "func",
        "PackageImportPath": "sourcegraph.com/sourcegraph/srclib-go/testdata/case/go13-sample"
      },
      "TreePath": "./go13sample/main"
    }
  ],
  "Refs": [
    {
      "DefUnitType": "GoPackage",
      "DefUnit": "sourcegraph.com/sourcegraph/srclib-go/testdata/case/go13-sample",
      "DefPath": ".",
      "File": "go13sample.go",
      "Start": 8,
      "End": 12
    },
    {
      "DefRepo": "github.com/golang/go",
      "DefUnitType": "GoPackage",
      "DefUnit": "fmt",
      "DefPath": ".",
      "File": "go13sample.go",
      "Start": 21,
      "End": 26
    },
    {
      "DefRepo": "github.com/golang/go",
      "DefUnitType": "GoPackage",
      "DefUnit": "fmt",
      "DefPath": ".",
      "File": "go13sample.go",
      "Start": 43,
      "End": 46
    },
    {
      "DefRepo": "github.com/golang/go",
      "DefUnitType": "GoPackage",
      "DefUnit": "fmt",
      "DefPath": "Println",
      "File": "go13sample.go",
      "Start": 47,
      "End": 54
    },
    {
      "DefUnitType": "GoPackage",
      "DefUnit": "sourcegraph.com/sourcegraph/srclib-go/testdata/case/go13-sample",
      "DefPath": "go13sample.go/main",
      "Def": true,
      "File": "go13sample.go",
      "Start": 33,
      "End": 37
    }
  ]
}