{
  "Defs": [
    {
      "UnitType": "GoPackage",
      "Unit": "sourcegraph.com/sourcegraph/srclib-go/testdata/case/gopathtest",
      "Path": ".",
      "Name": "gopathtest",
      "Kind": "package",
      "File": ".",
      "DefStart": 0,
      "DefEnd": 0,
      "Exported": true,
      "Data": {
        "Exported": true,
        "PkgName": "gopathtest",
        "TypeString": "",
        "Kind": "package",
        "PackageImportPath": "sourcegraph.com/sourcegraph/srclib-go/testdata/case/gopathtest"
      },
      "TreePath": "."
    },
    {
      "UnitType": "GoPackage",
      "Unit": "sourcegraph.com/sourcegraph/srclib-go/testdata/case/gopathtest",
      "Path": "init$gopathtest167",
      "Name": "init",
      "Kind": "func",
      "File": "gopathtest.go",
      "DefStart": 162,
      "DefEnd": 191,
      "Local": true,
      "Data": {
        "PkgName": "gopathtest",
        "TypeString": "func()",
        "UnderlyingTypeString": "func()",
        "Kind": "func",
        "PackageImportPath": "sourcegraph.com/sourcegraph/srclib-go/testdata/case/gopathtest"
      },
      "TreePath": "./init$gopathtest167"
    }
  ],
  "Refs": [
    {
      "DefUnitType": "GoPackage",
      "DefUnit": "github.com/alice/mypkg",
      "DefPath": ".",
      "File": "gopathtest.go",
      "Start": 104,
      "End": 128
    },
    {
      "DefUnitType": "GoPackage",
      "DefUnit": "github.com/alice/mypkg",
      "DefPath": ".",
      "File": "gopathtest.go",
      "Start": 178,
      "End": 183
    },
    {
      "DefUnitType": "GoPackage",
      "DefUnit": "sourcegraph.com/sourcegraph/srclib-go/testdata/case/gopathtest",
      "DefPath": ".",
      "File": "gopathtest.go",
      "Start": 81,
      "End": 91
    },
    {
      "DefUnitType": "GoPackage",
      "DefUnit": "github.com/alice/mypkg",
      "DefPath": "Foo",
      "File": "gopathtest.go",
      "Start": 184,
      "End": 187
    },
    {
      "DefUnitType": "GoPackage",
      "DefUnit": "sourcegraph.com/sourcegraph/srclib-go/testdata/case/gopathtest",
      "DefPath": "init$gopathtest167",
      "Def": true,
      "File": "gopathtest.go",
      "Start": 167,
      "End": 171
    }
  ],
  "Docs": [
    {
      "UnitType": "GoPackage",
      "Unit": "sourcegraph.com/sourcegraph/srclib-go/testdata/case/gopathtest",
      "Path": ".",
      "Format": "text/html",
      "Data": "\u003cp\u003e\nPackage gopathtest tests that it can access vendored deps in vendor/.\n\u003c/p\u003e\n"
    },
    {
      "UnitType": "GoPackage",
      "Unit": "sourcegraph.com/sourcegraph/srclib-go/testdata/case/gopathtest",
      "Path": ".",
      "Format": "text/plain",
      "Data": "Package gopathtest tests that it can access vendored deps in vendor/.\n"
    }
  ]
}