{
  "Defs": [
    {
      "UnitType": "GoPackage",
      "Unit": "sourcegraph.com/sourcegraph/srclib-go/testdata/case/go-misc/scope",
      "Path": ".",
      "Name": "scope",
      "Kind": "package",
      "File": "scope",
      "DefStart": 0,
      "DefEnd": 0,
      "Exported": true,
      "Data": {
        "Exported": true,
        "PkgName": "scope",
        "TypeString": "",
        "Kind": "package",
        "PackageImportPath": "sourcegraph.com/sourcegraph/srclib-go/testdata/case/go-misc/scope"
      },
      "TreePath": "."
    },
    {
      "UnitType": "GoPackage",
      "Unit": "sourcegraph.com/sourcegraph/srclib-go/testdata/case/go-misc/scope",
      "Path": "A",
      "Name": "A",
      "Kind": "var",
      "File": "scope/scope.go",
      "DefStart": 296,
      "DefEnd": 302,
      "Exported": true,
      "Data": {
        "Exported": true,
        "PkgScope": true,
        "PkgName": "scope",
        "TypeString": "bool",
        "UnderlyingTypeString": "bool",
        "Kind": "var",
        "PackageImportPath": "sourcegraph.com/sourcegraph/srclib-go/testdata/case/go-misc/scope"
      },
      "TreePath": "./A"
    },
    {
      "UnitType": "GoPackage",
      "Unit": "sourcegraph.com/sourcegraph/srclib-go/testdata/case/go-misc/scope",
      "Path": "T2",
      "Name": "T2",
      "Kind": "type",
      "File": "scope/scope.go",
      "DefStart": 611,
      "DefEnd": 622,
      "Exported": true,
      "Data": {
        "Exported": true,
        "PkgScope": true,
        "PkgName": "scope",
        "TypeString": "sourcegraph.com/sourcegraph/srclib-go/testdata/case/go-misc/scope.T2",
        "UnderlyingTypeString": "struct{}",
        "Kind": "type",
        "PackageImportPath": "sourcegraph.com/sourcegraph/srclib-go/testdata/case/go-misc/scope"
      },
      "TreePath": "./T2"
    },
    {
      "UnitType": "GoPackage",
      "Unit": "sourcegraph.com/sourcegraph/srclib-go/testdata/case/go-misc/scope",
      "Path": "T2/F",
      "Name": "F",
      "Kind": "func",
      "File": "scope/scope.go",
      "DefStart": 663,
      "DefEnd": 707,
      "Exported": true,
      "Data": {
        "Exported": true,
        "PkgScope": true,
        "PkgName": "scope",
        "Receiver": "T2",
        "TypeString": "func(a string) (b string)",
        "UnderlyingTypeString": "func(a string) (b string)",
        "Kind": "method",
        "PackageImportPath": "sourcegraph.com/sourcegraph/srclib-go/testdata/case/go-misc/scope"
      },
      "TreePath": "./T2/F"
    },
    {
      "UnitType": "GoPackage",
      "Unit": "sourcegraph.com/sourcegraph/srclib-go/testdata/case/go-misc/scope",
      "Path": "T2/F/a",
      "Name": "a",
      "Kind": "var",
      "File": "scope/scope.go",
      "DefStart": 675,
      "DefEnd": 683,
      "Local": true,
      "Data": {
        "PkgName": "scope",
        "TypeString": "string",
        "UnderlyingTypeString": "string",
        "Kind": "var",
        "PackageImportPath": "sourcegraph.com/sourcegraph/srclib-go/testdata/case/go-misc/scope"
      },
      "TreePath": "./T2/F/a"
    },
    {
      "UnitType": "GoPackage",
      "Unit": "sourcegraph.com/sourcegraph/srclib-go/testdata/case/go-misc/scope",
      "Path": "T2/F/b",
      "Name": "b",
      "Kind": "var",
      "File": "scope/scope.go",
      "DefStart": 686,
      "DefEnd": 694,
      "Local": true,
      "Data": {
        "PkgName": "scope",
        "TypeString": "string",
        "UnderlyingTypeString": "string",
        "Kind": "var",
        "PackageImportPath": "sourcegraph.com/sourcegraph/srclib-go/testdata/case/go-misc/scope"
      },
      "TreePath": "./T2/F/b"
    },
    {
      "UnitType": "GoPackage",
      "Unit": "sourcegraph.com/sourcegraph/srclib-go/testdata/case/go-misc/scope",
      "Path": "T2/g",
      "Name": "g",
      "Kind": "func",
      "File": "scope/scope.go",
      "DefStart": 748,
      "DefEnd": 773,
      "Data": {
        "PkgScope": true,
        "PkgName": "scope",
        "Receiver": "T2",
        "TypeString": "func()",
        "UnderlyingTypeString": "func()",
        "Kind": "method",
        "PackageImportPath": "sourcegraph.com/sourcegraph/srclib-go/testdata/case/go-misc/scope"
      },
      "TreePath": "./T2/g"
    },
    {
      "UnitType": "GoPackage",
      "Unit": "sourcegraph.com/sourcegraph/srclib-go/testdata/case/go-misc/scope",
      "Path": "a",
      "Name": "a",
      "Kind": "var",
      "File": "scope/scope.go",
      "DefStart": 269,
      "DefEnd": 275,
      "Data": {
        "PkgScope": true,
        "PkgName": "scope",
        "TypeString": "bool",
        "UnderlyingTypeString": "bool",
        "Kind": "var",
        "PackageImportPath": "sourcegraph.com/sourcegraph/srclib-go/testdata/case/go-misc/scope"
      },
      "TreePath": "./a"
    },
    {
      "UnitType": "GoPackage",
      "Unit": "sourcegraph.com/sourcegraph/srclib-go/testdata/case/go-misc/scope",
      "Path": "fn",
      "Name": "fn",
      "Kind": "func",
      "File": "scope/scope.go",
      "DefStart": 310,
      "DefEnd": 588,
      "Data": {
        "PkgScope": true,
        "PkgName": "scope",
        "TypeString": "func()",
        "UnderlyingTypeString": "func()",
        "Kind": "func",
        "PackageImportPath": "sourcegraph.com/sourcegraph/srclib-go/testdata/case/go-misc/scope"
      },
      "TreePath": "./fn"
    },
    {
      "UnitType": "GoPackage",
      "Unit": "sourcegraph.com/sourcegraph/srclib-go/testdata/case/go-misc/scope",
      "Path": "fn/$scope0/$scope0/T1",
      "Name": "T1",
      "Kind": "type",
      "File": "scope/scope.go",
      "DefStart": 562,
      "DefEnd": 583,
      "Local": true,
      "Data": {
        "PkgName": "scope",
        "TypeString": "sourcegraph.com/sourcegraph/srclib-go/testdata/case/go-misc/scope.T1",
        "UnderlyingTypeString": "struct{f string}",
        "Kind": "type",
        "PackageImportPath": "sourcegraph.com/sourcegraph/srclib-go/testdata/case/go-misc/scope"
      },
      "TreePath": "./fn/$scope0/$scope0/T1"
    },
    {
      "UnitType": "GoPackage",
      "Unit": "sourcegraph.com/sourcegraph/srclib-go/testdata/case/go-misc/scope",
      "Path": "fn/$scope0/$scope0/T1/f",
      "Name": "f",
      "Kind": "field",
      "File": "scope/scope.go",
      "DefStart": 573,
      "DefEnd": 581,
      "Local": true,
      "Data": {
        "PkgName": "scope",
        "FieldOfStruct": "T1",
        "TypeString": "string",
        "UnderlyingTypeString": "string",
        "Kind": "field",
        "PackageImportPath": "sourcegraph.com/sourcegraph/srclib-go/testdata/case/go-misc/scope"
      },
      "TreePath": "./fn/$scope0/$scope0/T1/f"
    },
    {
      "UnitType": "GoPackage",
      "Unit": "sourcegraph.com/sourcegraph/srclib-go/testdata/case/go-misc/scope",
      "Path": "fn/$scope0/$scope0/Y",
      "Name": "Y",
      "Kind": "var",
      "File": "scope/scope.go",
      "DefStart": 508,
      "DefEnd": 513,
      "Local": true,
      "Data": {
        "PkgName": "scope",
        "TypeString": "int",
        "UnderlyingTypeString": "int",
        "Kind": "var",
        "PackageImportPath": "sourcegraph.com/sourcegraph/srclib-go/testdata/case/go-misc/scope"
      },
      "TreePath": "./fn/$scope0/$scope0/Y"
    },
    {
      "UnitType": "GoPackage",
      "Unit": "sourcegraph.com/sourcegraph/srclib-go/testdata/case/go-misc/scope",
      "Path": "fn/$scope0/$scope0/y",
      "Name": "y",
      "Kind": "var",
      "File": "scope/scope.go",
      "DefStart": 472,
      "DefEnd": 478,
      "Local": true,
      "Data": {
        "PkgName": "scope",
        "TypeString": "int",
        "UnderlyingTypeString": "int",
        "Kind": "var",
        "PackageImportPath": "sourcegraph.com/sourcegraph/srclib-go/testdata/case/go-misc/scope"
      },
      "TreePath": "./fn/$scope0/$scope0/y"
    },
    {
      "UnitType": "GoPackage",
      "Unit": "sourcegraph.com/sourcegraph/srclib-go/testdata/case/go-misc/scope",
      "Path": "fn/$scope0/x",
      "Name": "x",
      "Kind": "var",
      "File": "scope/scope.go",
      "DefStart": 310,
      "DefEnd": 588,
      "Local": true,
      "Data": {
        "PkgName": "scope",
        "TypeString": "int",
        "UnderlyingTypeString": "int",
        "Kind": "var",
        "PackageImportPath": "sourcegraph.com/sourcegraph/srclib-go/testdata/case/go-misc/scope"
      },
      "TreePath": "./fn/$scope0/x"
    },
    {
      "UnitType": "GoPackage",
      "Unit": "sourcegraph.com/sourcegraph/srclib-go/testdata/case/go-misc/scope",
      "Path": "fn/T0",
      "Name": "T0",
      "Kind": "type",
      "File": "scope/scope.go",
      "DefStart": 391,
      "DefEnd": 412,
      "Local": true,
      "Data": {
        "PkgName": "scope",
        "TypeString": "sourcegraph.com/sourcegraph/srclib-go/testdata/case/go-misc/scope.T0",
        "UnderlyingTypeString": "struct{f string}",
        "Kind": "type",
        "PackageImportPath": "sourcegraph.com/sourcegraph/srclib-go/testdata/case/go-misc/scope"
      },
      "TreePath": "./fn/T0"
    },
    {
      "UnitType": "GoPackage",
      "Unit": "sourcegraph.com/sourcegraph/srclib-go/testdata/case/go-misc/scope",
      "Path": "fn/T0/f",
      "Name": "f",
      "Kind": "field",
      "File": "scope/scope.go",
      "DefStart": 402,
      "DefEnd": 410,
      "Local": true,
      "Data": {
        "PkgName": "scope",
        "FieldOfStruct": "T0",
        "TypeString": "string",
        "UnderlyingTypeString": "string",
        "Kind": "field",
        "PackageImportPath": "sourcegraph.com/sourcegraph/srclib-go/testdata/case/go-misc/scope"
      },
      "TreePath": "./fn/T0/f"
    },
    {
      "UnitType": "GoPackage",
      "Unit": "sourcegraph.com/sourcegraph/srclib-go/testdata/case/go-misc/scope",
      "Path": "fn/b",
      "Name": "b",
      "Kind": "var",
      "File": "scope/scope.go",
      "DefStart": 340,
      "DefEnd": 346,
      "Local": true,
      "Data": {
        "PkgName": "scope",
        "TypeString": "bool",
        "UnderlyingTypeString": "bool",
        "Kind": "var",
        "PackageImportPath": "sourcegraph.com/sourcegraph/srclib-go/testdata/case/go-misc/scope"
      },
      "TreePath": "./fn/b"
    },
    {
      "UnitType": "GoPackage",
      "Unit": "sourcegraph.com/sourcegraph/srclib-go/testdata/case/go-misc/scope",
      "Path": "init$scope904",
      "Name": "init",
      "Kind": "func",
      "File": "scope/scope.go",
      "DefStart": 899,
      "DefEnd": 929,
      "Local": true,
      "Data": {
        "PkgName": "scope",
        "TypeString": "func()",
        "UnderlyingTypeString": "func()",
        "Kind": "func",
        "PackageImportPath": "sourcegraph.com/sourcegraph/srclib-go/testdata/case/go-misc/scope"
      },
      "TreePath": "./init$scope904"
    },
    {
      "UnitType": "GoPackage",
      "Unit": "sourcegraph.com/sourcegraph/srclib-go/testdata/case/go-misc/scope",
      "Path": "t3",
      "Name": "t3",
      "Kind": "type",
      "File": "scope/scope.go",
      "DefStart": 818,
      "DefEnd": 829,
      "Data": {
        "PkgScope": true,
        "PkgName": "scope",
        "TypeString": "sourcegraph.com/sourcegraph/srclib-go/testdata/case/go-misc/scope.t3",
        "UnderlyingTypeString": "struct{}",
        "Kind": "type",
        "PackageImportPath": "sourcegraph.com/sourcegraph/srclib-go/testdata/case/go-misc/scope"
      },
      "TreePath": "./t3"
    },
    {
      "UnitType": "GoPackage",
      "Unit": "sourcegraph.com/sourcegraph/srclib-go/testdata/case/go-misc/scope",
      "Path": "t3/F",
      "Name": "F",
      "Kind": "func",
      "File": "scope/scope.go",
      "DefStart": 846,
      "DefEnd": 862,
      "Exported": true,
      "Data": {
        "Exported": true,
        "PkgScope": true,
        "PkgName": "scope",
        "Receiver": "t3",
        "TypeString": "func()",
        "UnderlyingTypeString": "func()",
        "Kind": "method",
        "PackageImportPath": "sourcegraph.com/sourcegraph/srclib-go/testdata/case/go-misc/scope"
      },
      "TreePath": "./t3/F"
    },
    {
      "UnitType": "GoPackage",
      "Unit": "sourcegraph.com/sourcegraph/srclib-go/testdata/case/go-misc/scope",
      "Path": "t3/g",
      "Name": "g",
      "Kind": "func",
      "File": "scope/scope.go",
      "DefStart": 881,
      "DefEnd": 897,
      "Data": {
        "PkgScope": true,
        "PkgName": "scope",
        "Receiver": "t3",
        "TypeString": "func()",
        "UnderlyingTypeString": "func()",
        "Kind": "method",
        "PackageImportPath": "sourcegraph.com/sourcegraph/srclib-go/testdata/case/go-misc/scope"
      },
      "TreePath": "./t3/g"
    }
  ],
  "Refs": [
    {
      "DefUnitType": "GoPackage",
      "DefUnit": "sourcegraph.com/sourcegraph/srclib-go/testdata/case/go-misc/scope",
      "DefPath": ".",
      "File": "scope/scope.go",
      "Start": 50,
      "End": 55
    },
    {
      "DefRepo": "github.com/golang/go",
      "DefUnitType": "GoPackage",
      "DefUnit": "strings",
      "DefPath": ".",
      "Def": true,
      "File": "scope/scope.go",
      "Start": 103,
      "End": 104
    },
    {
      "DefRepo": "github.com/golang/go",
      "DefUnitType": "GoPackage",
      "DefUnit": "strings",
      "DefPath": ".",
      "File": "scope/scope.go",
      "Start": 918,
      "End": 919
    },
    {
      "DefUnitType": "GoPackage",
      "DefUnit": "sourcegraph.com/sourcegraph/srclib-go/testdata/case/go-misc/scope",
      "DefPath": "A",
      "Def": true,
      "File": "scope/scope.go",
      "Start": 296,
      "End": 297
    },
    {
      "DefRepo": "github.com/golang/go",
      "DefUnitType": "GoPackage",
      "DefUnit": "strings",
      "DefPath": "Replace",
      "File": "scope/scope.go",
      "Start": 920,
      "End": 927
    },
    {
      "DefUnitType": "GoPackage",
      "DefUnit": "sourcegraph.com/sourcegraph/srclib-go/testdata/case/go-misc/scope",
      "DefPath": "T2/F/a",
      "Def": true,
      "File": "scope/scope.go",
      "Start": 675,
      "End": 676
    },
    {
      "DefUnitType": "GoPackage",
      "DefUnit": "sourcegraph.com/sourcegraph/srclib-go/testdata/case/go-misc/scope",
      "DefPath": "T2/F/b",
      "Def": true,
      "File": "scope/scope.go",
      "Start": 686,
      "End": 687
    },
    {
      "DefUnitType": "GoPackage",
      "DefUnit": "sourcegraph.com/sourcegraph/srclib-go/testdata/case/go-misc/scope",
      "DefPath": "T2/F",
      "Def": true,
      "File": "scope/scope.go",
      "Start": 673,
      "End": 674
    },
    {
      "DefUnitType": "GoPackage",
      "DefUnit": "sourcegraph.com/sourcegraph/srclib-go/testdata/case/go-misc/scope",
      "DefPath": "T2/g",
      "Def": true,
      "File": "scope/scope.go",
      "Start": 758,
      "End": 759
    },
    {
      "DefUnitType": "GoPackage",
      "DefUnit": "sourcegraph.com/sourcegraph/srclib-go/testdata/case/go-misc/scope",
      "DefPath": "T2",
      "Def": true,
      "File": "scope/scope.go",
      "Start": 611,
      "End": 613
    },
    {
      "DefUnitType": "GoPackage",
      "DefUnit": "sourcegraph.com/sourcegraph/srclib-go/testdata/case/go-misc/scope",
      "DefPath": "T2",
      "File": "scope/scope.go",
      "Start": 669,
      "End": 671
    },
    {
      "DefUnitType": "GoPackage",
      "DefUnit": "sourcegraph.com/sourcegraph/srclib-go/testdata/case/go-misc/scope",
      "DefPath": "T2",
      "File": "scope/scope.go",
      "Start": 754,
      "End": 756
    },
    {
      "DefUnitType": "GoPackage",
      "DefUnit": "sourcegraph.com/sourcegraph/srclib-go/testdata/case/go-misc/scope",
      "DefPath": "a",
      "Def": true,
      "File": "scope/scope.go",
      "Start": 269,
      "End": 270
    },
    {
      "DefRepo": "github.com/golang/go",
      "DefUnitType": "GoPackage",
      "DefUnit": "builtin",
      "DefPath": "bool",
      "File": "scope/scope.go",
      "Start": 271,
      "End": 275
    },
    {
      "DefRepo": "github.com/golang/go",
      "DefUnitType": "GoPackage",
      "DefUnit": "builtin",
      "DefPath": "bool",
      "File": "scope/scope.go",
      "Start": 298,
      "End": 302
    },
    {
      "DefRepo": "github.com/golang/go",
      "DefUnitType": "GoPackage",
      "DefUnit": "builtin",
      "DefPath": "bool",
      "File": "scope/scope.go",
      "Start": 342,
      "End": 346
    },
    {
      "DefUnitType": "GoPackage",
      "DefUnit": "sourcegraph.com/sourcegraph/srclib-go/testdata/case/go-misc/scope",
      "DefPath": "fn/$scope0/$scope0/T1/f",
      "Def": true,
      "File": "scope/scope.go",
      "Start": 573,
      "End": 574
    },
    {
      "DefUnitType": "GoPackage",
      "DefUnit": "sourcegraph.com/sourcegraph/srclib-go/testdata/case/go-misc/scope",
      "DefPath": "fn/$scope0/$scope0/T1",
      "Def": true,
      "File": "scope/scope.go",
      "Start": 562,
      "End": 564
    },
    {
      "DefUnitType": "GoPackage",
      "DefUnit": "sourcegraph.com/sourcegraph/srclib-go/testdata/case/go-misc/scope",
      "DefPath": "fn/$scope0/$scope0/Y",
      "Def": true,
      "File": "scope/scope.go",
      "Start": 508,
      "End": 509
    },
    {
      "DefUnitType": "GoPackage",
      "DefUnit": "sourcegraph.com/sourcegraph/srclib-go/testdata/case/go-misc/scope",
      "DefPath": "fn/$scope0/$scope0/Y",
      "File": "scope/scope.go",
      "Start": 520,
      "End": 521
    },
    {
      "DefUnitType": "GoPackage",
      "DefUnit": "sourcegraph.com/sourcegraph/srclib-go/testdata/case/go-misc/scope",
      "DefPath": "fn/$scope0/$scope0/y",
      "Def": true,
      "File": "scope/scope.go",
      "Start": 472,
      "End": 473
    },
    {
      "DefUnitType": "GoPackage",
      "DefUnit": "sourcegraph.com/sourcegraph/srclib-go/testdata/case/go-misc/scope",
      "DefPath": "fn/$scope0/$scope0/y",
      "File": "scope/scope.go",
      "Start": 485,
      "End": 486
    },
    {
      "DefUnitType": "GoPackage",
      "DefUnit": "sourcegraph.com/sourcegraph/srclib-go/testdata/case/go-misc/scope",
      "DefPath": "fn/$scope0/x",
      "Def": true,
      "File": "scope/scope.go",
      "Start": 435,
      "End": 436
    },
    {
      "DefUnitType": "GoPackage",
      "DefUnit": "sourcegraph.com/sourcegraph/srclib-go/testdata/case/go-misc/scope",
      "DefPath": "fn/$scope0/x",
      "File": "scope/scope.go",
      "Start": 477,
      "End": 478
    },
    {
      "DefUnitType": "GoPackage",
      "DefUnit": "sourcegraph.com/sourcegraph/srclib-go/testdata/case/go-misc/scope",
      "DefPath": "fn/T0/f",
      "Def": true,
      "File": "scope/scope.go",
      "Start": 402,
      "End": 403
    },
    {
      "DefUnitType": "GoPackage",
      "DefUnit": "sourcegraph.com/sourcegraph/srclib-go/testdata/case/go-misc/scope",
      "DefPath": "fn/T0",
      "Def": true,
      "File": "scope/scope.go",
      "Start": 391,
      "End": 393
    },
    {
      "DefUnitType": "GoPackage",
      "DefUnit": "sourcegraph.com/sourcegraph/srclib-go/testdata/case/go-misc/scope",
      "DefPath": "fn/b",
      "Def": true,
      "File": "scope/scope.go",
      "Start": 340,
      "End": 341
    },
    {
      "DefUnitType": "GoPackage",
      "DefUnit": "sourcegraph.com/sourcegraph/srclib-go/testdata/case/go-misc/scope",
      "DefPath": "fn/b",
      "File": "scope/scope.go",
      "Start": 352,
      "End": 353
    },
    {
      "DefUnitType": "GoPackage",
      "DefUnit": "sourcegraph.com/sourcegraph/srclib-go/testdata/case/go-misc/scope",
      "DefPath": "fn",
      "Def": true,
      "File": "scope/scope.go",
      "Start": 315,
      "End": 317
    },
    {
      "DefUnitType": "GoPackage",
      "DefUnit": "sourcegraph.com/sourcegraph/srclib-go/testdata/case/go-misc/scope",
      "DefPath": "init$scope904",
      "Def": true,
      "File": "scope/scope.go",
      "Start": 904,
      "End": 908
    },
    {
      "DefRepo": "github.com/golang/go",
      "DefUnitType": "GoPackage",
      "DefUnit": "builtin",
      "DefPath": "int",
      "File": "scope/scope.go",
      "Start": 448,
      "End": 451
    },
    {
      "DefRepo": "github.com/golang/go",
      "DefUnitType": "GoPackage",
      "DefUnit": "builtin",
      "DefPath": "int",
      "File": "scope/scope.go",
      "Start": 510,
      "End": 513
    },
    {
      "DefRepo": "github.com/golang/go",
      "DefUnitType": "GoPackage",
      "DefUnit": "builtin",
      "DefPath": "string",
      "File": "scope/scope.go",
      "Start": 404,
      "End": 410
    },
    {
      "DefRepo": "github.com/golang/go",
      "DefUnitType": "GoPackage",
      "DefUnit": "builtin",
      "DefPath": "string",
      "File": "scope/scope.go",
      "Start": 575,
      "End": 581
    },
    {
      "DefRepo": "github.com/golang/go",
      "DefUnitType": "GoPackage",
      "DefUnit": "builtin",
      "DefPath": "string",
      "File": "scope/scope.go",
      "Start": 677,
      "End": 683
    },
    {
      "DefRepo": "github.com/golang/go",
      "DefUnitType": "GoPackage",
      "DefUnit": "builtin",
      "DefPath": "string",
      "File": "scope/scope.go",
      "Start": 688,
      "End": 694
    },
    {
      "DefUnitType": "GoPackage",
      "DefUnit": "sourcegraph.com/sourcegraph/srclib-go/testdata/case/go-misc/scope",
      "DefPath": "t3/F",
      "Def": true,
      "File": "scope/scope.go",
      "Start": 856,
      "End": 857
    },
    {
      "DefUnitType": "GoPackage",
      "DefUnit": "sourcegraph.com/sourcegraph/srclib-go/testdata/case/go-misc/scope",
      "DefPath": "t3/g",
      "Def": true,
      "File": "scope/scope.go",
      "Start": 891,
      "End": 892
    },
    {
      "DefUnitType": "GoPackage",
      "DefUnit": "sourcegraph.com/sourcegraph/srclib-go/testdata/case/go-misc/scope",
      "DefPath": "t3",
      "Def": true,
      "File": "scope/scope.go",
      "Start": 818,
      "End": 820
    },
    {
      "DefUnitType": "GoPackage",
      "DefUnit": "sourcegraph.com/sourcegraph/srclib-go/testdata/case/go-misc/scope",
      "DefPath": "t3",
      "File": "scope/scope.go",
      "Start": 852,
      "End": 854
    },
    {
      "DefUnitType": "GoPackage",
      "DefUnit": "sourcegraph.com/sourcegraph/srclib-go/testdata/case/go-misc/scope",
      "DefPath": "t3",
      "File": "scope/scope.go",
      "Start": 887,
      "End": 889
    }
  ],
  "Docs": [
    {
      "UnitType": "GoPackage",
      "Unit": "sourcegraph.com/sourcegraph/srclib-go/testdata/case/go-misc/scope",
      "Path": ".",
      "Format": "text/html",
      "Data": "\u003cp\u003e\nThis package tests Exported and Local.\n\u003c/p\u003e\n"
    },
    {
      "UnitType": "GoPackage",
      "Unit": "sourcegraph.com/sourcegraph/srclib-go/testdata/case/go-misc/scope",
      "Path": ".",
      "Format": "text/plain",
      "Data": "This package tests Exported and Local.\n"
    },
    {
      "UnitType": "GoPackage",
      "Unit": "sourcegraph.com/sourcegraph/srclib-go/testdata/case/go-misc/scope",
      "Path": "A",
      "Format": "text/html",
      "Data": "\u003cp\u003e\nA: exported\n\u003c/p\u003e\n"
    },
    {
      "UnitType": "GoPackage",
      "Unit": "sourcegraph.com/sourcegraph/srclib-go/testdata/case/go-misc/scope",
      "Path": "A",
      "Format": "text/plain",
      "Data": "A: exported\n"
    },
    {
      "UnitType": "GoPackage",
      "Unit": "sourcegraph.com/sourcegraph/srclib-go/testdata/case/go-misc/scope",
      "Path": "T2",
      "Format": "text/html",
      "Data": "\u003cp\u003e\nT2: exported\n\u003c/p\u003e\n"
    },
    {
      "UnitType": "GoPackage",
      "Unit": "sourcegraph.com/sourcegraph/srclib-go/testdata/case/go-misc/scope",
      "Path": "T2",
      "Format": "text/plain",
      "Data": "T2: exported\n"
    },
    {
      "UnitType": "GoPackage",
      "Unit": "sourcegraph.com/sourcegraph/srclib-go/testdata/case/go-misc/scope",
      "Path": "T2/F",
      "Format": "text/html",
      "Data": "\u003cp\u003e\nF: exported\na: local\nb: local\n\u003c/p\u003e\n"
    },
    {
      "UnitType": "GoPackage",
      "Unit": "sourcegraph.com/sourcegraph/srclib-go/testdata/case/go-misc/scope",
      "Path": "T2/F",
      "Format": "text/plain",
      "Data": "F: exported\na: local\nb: local\n"
    },
    {
      "UnitType": "GoPackage",
      "Unit": "sourcegraph.com/sourcegraph/srclib-go/testdata/case/go-misc/scope",
      "Path": "T2/g",
      "Format": "text/html",
      "Data": "\u003cp\u003e\ng: exported type, unexported method\n\u003c/p\u003e\n"
    },
    {
      "UnitType": "GoPackage",
      "Unit": "sourcegraph.com/sourcegraph/srclib-go/testdata/case/go-misc/scope",
      "Path": "T2/g",
      "Format": "text/plain",
      "Data": "g: exported type, unexported method\n"
    },
    {
      "UnitType": "GoPackage",
      "Unit": "sourcegraph.com/sourcegraph/srclib-go/testdata/case/go-misc/scope",
      "Path": "a",
      "Format": "text/html",
      "Data": "\u003cp\u003e\na: (unexported)\n\u003c/p\u003e\n"
    },
    {
      "UnitType": "GoPackage",
      "Unit": "sourcegraph.com/sourcegraph/srclib-go/testdata/case/go-misc/scope",
      "Path": "a",
      "Format": "text/plain",
      "Data": "a: (unexported)\n"
    },
    {
      "UnitType": "GoPackage",
      "Unit": "sourcegraph.com/sourcegraph/srclib-go/testdata/case/go-misc/scope",
      "Path": "fn",
      "Format": "text/html",
      "Data": "\u003cp\u003e\nfn\n\u003c/p\u003e\n"
    },
    {
      "UnitType": "GoPackage",
      "Unit": "sourcegraph.com/sourcegraph/srclib-go/testdata/case/go-misc/scope",
      "Path": "fn",
      "Format": "text/plain",
      "Data": "fn\n"
    },
    {
      "UnitType": "GoPackage",
      "Unit": "sourcegraph.com/sourcegraph/srclib-go/testdata/case/go-misc/scope",
      "Path": "t3/F",
      "Format": "text/html",
      "Data": "\u003cp\u003e\nF: exported\n\u003c/p\u003e\n"
    },
    {
      "UnitType": "GoPackage",
      "Unit": "sourcegraph.com/sourcegraph/srclib-go/testdata/case/go-misc/scope",
      "Path": "t3/F",
      "Format": "text/plain",
      "Data": "F: exported\n"
    },
    {
      "UnitType": "GoPackage",
      "Unit": "sourcegraph.com/sourcegraph/srclib-go/testdata/case/go-misc/scope",
      "Path": "t3/g",
      "Format": "text/html",
      "Data": "\u003cp\u003e\ng: unexported\n\u003c/p\u003e\n"
    },
    {
      "UnitType": "GoPackage",
      "Unit": "sourcegraph.com/sourcegraph/srclib-go/testdata/case/go-misc/scope",
      "Path": "t3/g",
      "Format": "text/plain",
      "Data": "g: unexported\n"
    }
  ]
}