[
  {
    "Raw": "fmt",
    "Target": {
      "ToRepoCloneURL": "https://github.com/golang/go",
      "ToUnit": "fmt",
      "ToUnitType": "GoPackage",
      "ToVersionString": "devel +495e02 srclib",
      "ToRevSpec": ""
    }
  },
  {
    "Raw": "strings",
    "Target": {
      "ToRepoCloneURL": "https://github.com/golang/go",
      "ToUnit": "strings",
      "ToUnitType": "GoPackage",
      "ToVersionString": "devel +495e02 srclib",
      "ToRevSpec": ""
    }
  }
]
